View
~~~~
LibraryFolderNode {root}
    LibraryFolderNode {child}
        LibraryFileNode {renamed}
        LibraryFileNode {test2}


Library
~~~~~~~
Adding "test" Timestamp 01/01/0001 00:00:00, Size 100, Container Path "some\path", Library path "root\child"
Adding "test2" Timestamp 01/01/0001 00:00:00, Size 100, Container Path "some\path", Library path "root\child"
Renaming "test" to "renamed"
