LibraryFolderNode {root}
    LibraryFolderNode {child}
        LibraryFolderNode {test}
        LibraryFolderNode {test2}
