LibraryFolderNode {root}
    LibraryFolderNode {child}
        LibraryFileNode {test2}
