TestLibrary\test\.1
TestLibrary\test\.2
TestLibrary\test\.3
TestLibrary\test\.4